// Jest Snapshot v1, https://goo.gl/fbAQLP

exports[`'Header' component tests: It renders correctly: 1`] = `
<div>
  <div
    class="flex items-center w-full bg-purple-700 text-white h-12 px-2 shadow-md shadow-purple-500"
  >
    <div
      class="flex mr-4"
    >
      <span
        style="box-sizing: border-box; display: inline-block; overflow: hidden; width: 40px; height: 40px; background: none; opacity: 1; border: 0px; margin: 0px; padding: 0px; position: relative;"
      >
        <img
          alt=""
          data-nimg="fixed"
          decoding="async"
          src="data:image/gif;base64,R0lGODlhAQABAIAAAAAAAP///yH5BAEAAAAALAAAAAABAAEAAAIBRAA7"
          style="position: absolute; top: 0px; left: 0px; bottom: 0px; right: 0px; box-sizing: border-box; padding: 0px; margin: auto; display: block; width: 0px; height: 0px; min-width: 100%; max-width: 100%; min-height: 100%; max-height: 100%;"
        />
        <noscript />
      </span>
    </div>
    <h1
      class="text-2xl mr-4"
    >
      Where's that thing?
    </h1>
    <div />
  </div>
</div>
`;
